// Vitest Snapshot v1, https://vitest.dev/guide/snapshot.html

exports[`button should be in the document 1`] = `
<div>
  <button
    class="inline-flex items-center justify-center rounded-md text-sm font-medium ring-offset-background transition-colors focus-visible:outline-none focus-visible:ring-2 focus-visible:ring-ring focus-visible:ring-offset-2 disabled:pointer-events-none disabled:opacity-50 bg-primary text-primary-foreground hover:bg-primary/90 h-10 px-4 py-2 w-full"
    data-testid="open-form-button"
  >
    Создать
  </button>
  <div
    class="text-3xl w-full h-screen flex justify-center items-center"
  >
    Loading...
  </div>
</div>
`;
